=== tool-versions (exit 0) ===
Linux lima-cf45 7.0.0-34-generic #34-Ubuntu SMP PREEMPT_DYNAMIC Wed Sep  2 14:34:54 UTC 2026 aarch64 GNU/Linux
Client: Docker Engine - Community
 Version:           29.8.2
 API version:       1.56
 Go version:        go1.26.8
 Git commit:        7fc2dff
 Built:             Wed Sep 30 19:32:08 2026
 OS/Arch:           linux/arm64
 Context:           default

Server: Docker Engine - Community
 Engine:
  Version:          29.8.2
  API version:      1.56 (minimum version 1.40)
  Go version:       go1.26.8
  Git commit:       8af9fe3
  Built:            Wed Sep 30 19:32:08 2026
  OS/Arch:          linux/arm64
  Experimental:     false
 containerd:
  Version:          v2.3.6
  GitCommit:        ee2735368117d2eb259779949d5e75cdafec9761
 runc:
  Version:          1.5.1
  GitCommit:        v1.5.1-0-g8f2685a4
 docker-init:
  Version:          0.19.0
  GitCommit:        de40ad0
Docker Compose version v5.6.0
"overlayfs" "aarch64" "Ubuntu 26.04.1 LTS"

=== services-fresh (exit 0) ===
{"Command":"\"uvicorn app.main:ap…\"","CreatedAt":"2026-10-07 13:24:42 +0800 CST","Engine":"","ExitCode":0,"Health":"healthy","ID":"a11945e8e04e","Image":"campusfix-api:local","Labels":"com.docker.compose.container-number=1,com.docker.compose.depends_on=db:service_healthy:false,migrate:service_completed_successfully:false,com.docker.compose.image=sha256:32ce8c80749ecc6ee042ce25d7814869b3b0acfa5a2748b57021af9141ca5a27,com.docker.compose.project.config_files=/tmp/campusfix-docker-verification/source/docker-compose.yml,com.docker.compose.project.working_dir=/tmp/campusfix-docker-verification/source,com.docker.compose.service=api,com.docker.compose.version=5.6.0,com.docker.compose.config-hash=0c9624df53a2a346409e9df64e9166d64f5f1261c93f5154ee22c0fd0db20e1d,com.docker.compose.oneoff=False,com.docker.compose.project=campusfix-docker-verify-20261007-r3","LocalVolumes":"1","Mounts":"campusfix-dock…","Name":"campusfix-docker-verify-20261007-r3-api-1","Names":"campusfix-docker-verify-20261007-r3-api-1","Networks":"campusfix-docker-verify-20261007-r3_default","Ports":"8000/tcp","Project":"campusfix-docker-verify-20261007-r3","Publishers":[{"URL":"","TargetPort":8000,"PublishedPort":0,"Protocol":"tcp"}],"RunningFor":"17 seconds ago","Service":"api","Size":"0B","State":"running","Status":"Up 11 seconds (healthy)"}
{"Command":"\"docker-entrypoint.s…\"","CreatedAt":"2026-10-07 13:24:42 +0800 CST","Engine":"","ExitCode":0,"Health":"healthy","ID":"bb4fbd5c79f7","Image":"postgres:17.11-bookworm","Labels":"com.docker.compose.depends_on=,com.docker.compose.project=campusfix-docker-verify-20261007-r3,com.docker.compose.project.config_files=/tmp/campusfix-docker-verification/source/docker-compose.yml,com.docker.compose.project.working_dir=/tmp/campusfix-docker-verification/source,com.docker.compose.service=db,com.docker.compose.config-hash=281082b8c805e97c62b9c468a4df0ea4219e78c0dca2235ccd16ef0f5f1f294a,com.docker.compose.container-number=1,com.docker.compose.image=sha256:a85953d6f830fd55a12929df3b7a4fa94dc96d652de62d2d714e0867ccb3670d,com.docker.compose.oneoff=False,com.docker.compose.version=5.6.0","LocalVolumes":"1","Mounts":"campusfix-dock…","Name":"campusfix-docker-verify-20261007-r3-db-1","Names":"campusfix-docker-verify-20261007-r3-db-1","Networks":"campusfix-docker-verify-20261007-r3_default","Ports":"5432/tcp","Project":"campusfix-docker-verify-20261007-r3","Publishers":[{"URL":"","TargetPort":5432,"PublishedPort":0,"Protocol":"tcp"}],"RunningFor":"17 seconds ago","Service":"db","Size":"0B","State":"running","Status":"Up 17 seconds (healthy)"}
{"Command":"\"alembic upgrade head\"","CreatedAt":"2026-10-07 13:24:42 +0800 CST","Engine":"","ExitCode":0,"Health":"","ID":"a3ee238b515b","Image":"campusfix-api:local","Labels":"com.docker.compose.depends_on=db:service_healthy:false,com.docker.compose.image=sha256:32ce8c80749ecc6ee042ce25d7814869b3b0acfa5a2748b57021af9141ca5a27,com.docker.compose.oneoff=False,com.docker.compose.project=campusfix-docker-verify-20261007-r3,com.docker.compose.project.config_files=/tmp/campusfix-docker-verification/source/docker-compose.yml,com.docker.compose.config-hash=2136a8d3c0ee8b86d71253f35437938e9c8480297ce34c14d3b612f1ab3ecd88,com.docker.compose.container-number=1,com.docker.compose.project.working_dir=/tmp/campusfix-docker-verification/source,com.docker.compose.service=migrate,com.docker.compose.version=5.6.0","LocalVolumes":"0","Mounts":"","Name":"campusfix-docker-verify-20261007-r3-migrate-1","Names":"campusfix-docker-verify-20261007-r3-migrate-1","Networks":"campusfix-docker-verify-20261007-r3_default","Ports":"","Project":"campusfix-docker-verify-20261007-r3","Publishers":[],"RunningFor":"17 seconds ago","Service":"migrate","Size":"0B","State":"exited","Status":"Exited (0) 11 seconds ago"}
{"Command":"\"/docker-entrypoint.…\"","CreatedAt":"2026-10-07 13:24:42 +0800 CST","Engine":"","ExitCode":0,"Health":"healthy","ID":"962b28618e26","Image":"campusfix-docker-verify-20261007-r3-web","Labels":"com.docker.compose.oneoff=False,com.docker.compose.project.config_files=/tmp/campusfix-docker-verification/source/docker-compose.yml,com.docker.compose.project.working_dir=/tmp/campusfix-docker-verification/source,com.docker.compose.config-hash=ccb3829701ed8d0a540fa523f375a31f3e6a525f1feb8f97039165321b6589da,com.docker.compose.container-number=1,com.docker.compose.project=campusfix-docker-verify-20261007-r3,com.docker.compose.service=web,com.docker.compose.version=5.6.0,maintainer=NGINX Docker Maintainers \u003cdocker-maint@nginx.com\u003e,com.docker.compose.depends_on=api:service_healthy:true,com.docker.compose.image=sha256:0df5eaed90818bcef7a8e88b127e3b0883f7cd46e2be6f352dd05d546ec5c199","LocalVolumes":"0","Mounts":"","Name":"campusfix-docker-verify-20261007-r3-web-1","Names":"campusfix-docker-verify-20261007-r3-web-1","Networks":"campusfix-docker-verify-20261007-r3_default","Ports":"127.0.0.1:8080-\u003e80/tcp","Project":"campusfix-docker-verify-20261007-r3","Publishers":[{"URL":"127.0.0.1","TargetPort":80,"PublishedPort":8080,"Protocol":"tcp"}],"RunningFor":"17 seconds ago","Service":"web","Size":"0B","State":"running","Status":"Up 5 seconds (healthy)"}

=== startup-logs (exit 0) ===
migrate-1  | 2026-10-07T05:24:48.368560970Z INFO  [alembic.runtime.migration] Context impl PostgresqlImpl.
migrate-1  | 2026-10-07T05:24:48.368584220Z INFO  [alembic.runtime.migration] Will assume transactional DDL.
migrate-1  | 2026-10-07T05:24:48.373248637Z INFO  [alembic.runtime.migration] Running upgrade  -> 0001, create P0 core tables
web-1      | 2026-10-07T05:24:54.102923015Z /docker-entrypoint.sh: /docker-entrypoint.d/ is not empty, will attempt to perform configuration
web-1      | 2026-10-07T05:24:54.103260015Z /docker-entrypoint.sh: Looking for shell scripts in /docker-entrypoint.d/
web-1      | 2026-10-07T05:24:54.103783181Z /docker-entrypoint.sh: Launching /docker-entrypoint.d/10-listen-on-ipv6-by-default.sh
web-1      | 2026-10-07T05:24:54.106435556Z 10-listen-on-ipv6-by-default.sh: info: Getting the checksum of /etc/nginx/conf.d/default.conf
web-1      | 2026-10-07T05:24:54.111447056Z 10-listen-on-ipv6-by-default.sh: info: /etc/nginx/conf.d/default.conf differs from the packaged version
web-1      | 2026-10-07T05:24:54.111455765Z /docker-entrypoint.sh: Sourcing /docker-entrypoint.d/15-local-resolvers.envsh
web-1      | 2026-10-07T05:24:54.111558556Z /docker-entrypoint.sh: Launching /docker-entrypoint.d/20-envsubst-on-templates.sh
web-1      | 2026-10-07T05:24:54.112397848Z /docker-entrypoint.sh: Launching /docker-entrypoint.d/30-tune-worker-processes.sh
web-1      | 2026-10-07T05:24:54.112859473Z /docker-entrypoint.sh: Configuration complete; ready for start up
web-1      | 2026-10-07T05:24:54.115561140Z 2026/10/07 05:24:54 [notice] 1#1: using the "epoll" event method
web-1      | 2026-10-07T05:24:54.115566806Z 2026/10/07 05:24:54 [notice] 1#1: nginx/1.28.0
web-1      | 2026-10-07T05:24:54.115568098Z 2026/10/07 05:24:54 [notice] 1#1: built by gcc 14.2.0 (Alpine 14.2.0) 
web-1      | 2026-10-07T05:24:54.115569015Z 2026/10/07 05:24:54 [notice] 1#1: OS: Linux 7.0.0-34-generic
web-1      | 2026-10-07T05:24:54.115569848Z 2026/10/07 05:24:54 [notice] 1#1: getrlimit(RLIMIT_NOFILE): 1024:524288
web-1      | 2026-10-07T05:24:54.115629973Z 2026/10/07 05:24:54 [notice] 1#1: start worker processes
web-1      | 2026-10-07T05:24:54.115684890Z 2026/10/07 05:24:54 [notice] 1#1: start worker process 29
web-1      | 2026-10-07T05:24:54.115784556Z 2026/10/07 05:24:54 [notice] 1#1: start worker process 30
web-1      | 2026-10-07T05:24:54.115915890Z 2026/10/07 05:24:54 [notice] 1#1: start worker process 31
web-1      | 2026-10-07T05:24:59.135898267Z 127.0.0.1 - - [07/Oct/2026:05:24:59 +0000] "GET /health HTTP/1.1" 200 15 "-" "Wget" "-"
api-1      | 2026-10-07T05:24:48.872949637Z INFO:     Started server process [1]
api-1      | 2026-10-07T05:24:48.873000804Z INFO:     Waiting for application startup.
api-1      | 2026-10-07T05:24:48.873144929Z INFO:     Application startup complete.
api-1      | 2026-10-07T05:24:48.875787554Z INFO:     Uvicorn running on http://0.0.0.0:8000 (Press CTRL+C to quit)
api-1      | 2026-10-07T05:24:53.679693806Z INFO:     127.0.0.1:47022 - "GET /health HTTP/1.1" 200 OK
api-1      | 2026-10-07T05:24:58.832111225Z INFO:     127.0.0.1:51356 - "GET /health HTTP/1.1" 200 OK
api-1      | 2026-10-07T05:24:59.135603392Z INFO:     172.18.0.4:46966 - "GET /health HTTP/1.0" 200 OK
db-1       | 2026-10-07T05:24:42.390592426Z The files belonging to this database system will be owned by user "postgres".
db-1       | 2026-10-07T05:24:42.390628051Z This user must also own the server process.
db-1       | 2026-10-07T05:24:42.390636009Z 
db-1       | 2026-10-07T05:24:42.390744884Z The database cluster will be initialized with locale "en_US.utf8".
db-1       | 2026-10-07T05:24:42.390771884Z The default database encoding has accordingly been set to "UTF8".
db-1       | 2026-10-07T05:24:42.390782801Z The default text search configuration will be set to "english".
db-1       | 2026-10-07T05:24:42.390790801Z 
db-1       | 2026-10-07T05:24:42.390798801Z Data page checksums are disabled.
db-1       | 2026-10-07T05:24:42.390818092Z 
db-1       | 2026-10-07T05:24:42.390875842Z fixing permissions on existing directory /var/lib/postgresql/data ... ok
db-1       | 2026-10-07T05:24:42.391098051Z creating subdirectories ... ok
db-1       | 2026-10-07T05:24:42.391150634Z selecting dynamic shared memory implementation ... posix
db-1       | 2026-10-07T05:24:42.397028009Z selecting default "max_connections" ... 100
db-1       | 2026-10-07T05:24:42.407043634Z selecting default "shared_buffers" ... 128MB
db-1       | 2026-10-07T05:24:42.407048843Z selecting default time zone ... UTC
db-1       | 2026-10-07T05:24:42.407049676Z creating configuration files ... ok
db-1       | 2026-10-07T05:24:42.460630009Z running bootstrap script ... ok
db-1       | 2026-10-07T05:24:42.640216551Z performing post-bootstrap initialization ... ok
db-1       | 2026-10-07T05:24:42.689042718Z syncing data to disk ... ok
db-1       | 2026-10-07T05:24:42.689057676Z 
db-1       | 2026-10-07T05:24:42.689058759Z 
db-1       | 2026-10-07T05:24:42.689059593Z Success. You can now start the database server using:
db-1       | 2026-10-07T05:24:42.689060426Z 
db-1       | 2026-10-07T05:24:42.689061218Z     pg_ctl -D /var/lib/postgresql/data -l logfile start
db-1       | 2026-10-07T05:24:42.689061926Z 
db-1       | 2026-10-07T05:24:42.689083468Z initdb: warning: enabling "trust" authentication for local connections
db-1       | 2026-10-07T05:24:42.689088843Z initdb: hint: You can change this by editing pg_hba.conf or using the option -A, or --auth-local and --auth-host, the next time you run initdb.
db-1       | 2026-10-07T05:24:42.711151134Z waiting for server to start....2026-10-07 05:24:42.711 UTC [48] LOG:  starting PostgreSQL 17.11 (Debian 17.11-1.pgdg12+2) on aarch64-unknown-linux-gnu, compiled by gcc (Debian 12.2.0-14+deb12u1) 12.2.0, 64-bit
db-1       | 2026-10-07T05:24:42.711836176Z 2026-10-07 05:24:42.711 UTC [48] LOG:  listening on Unix socket "/var/run/postgresql/.s.PGSQL.5432"
db-1       | 2026-10-07T05:24:42.713876426Z 2026-10-07 05:24:42.713 UTC [51] LOG:  database system was shut down at 2026-10-07 05:24:42 UTC
db-1       | 2026-10-07T05:24:42.715900093Z 2026-10-07 05:24:42.715 UTC [48] LOG:  database system is ready to accept connections
db-1       | 2026-10-07T05:24:42.804844801Z  done
db-1       | 2026-10-07T05:24:42.804858551Z server started
db-1       | 2026-10-07T05:24:42.863081259Z CREATE DATABASE
db-1       | 2026-10-07T05:24:42.863452801Z 
db-1       | 2026-10-07T05:24:42.863520468Z 
db-1       | 2026-10-07T05:24:42.863522801Z /usr/local/bin/docker-entrypoint.sh: ignoring /docker-entrypoint-initdb.d/*
db-1       | 2026-10-07T05:24:42.863523801Z 
db-1       | 2026-10-07T05:24:42.864172009Z waiting for server to shut down...2026-10-07 05:24:42.864 UTC [48] LOG:  received fast shutdown request
db-1       | 2026-10-07T05:24:42.864665218Z .2026-10-07 05:24:42.864 UTC [48] LOG:  aborting any active transactions
db-1       | 2026-10-07T05:24:42.865806343Z 2026-10-07 05:24:42.865 UTC [48] LOG:  background worker "logical replication launcher" (PID 54) exited with exit code 1
db-1       | 2026-10-07T05:24:42.865875134Z 2026-10-07 05:24:42.865 UTC [49] LOG:  shutting down
db-1       | 2026-10-07T05:24:42.866303051Z 2026-10-07 05:24:42.866 UTC [49] LOG:  checkpoint starting: shutdown immediate
db-1       | 2026-10-07T05:24:42.882204718Z 2026-10-07 05:24:42.882 UTC [49] LOG:  checkpoint complete: wrote 921 buffers (5.6%); 0 WAL file(s) added, 0 removed, 0 recycled; write=0.006 s, sync=0.010 s, total=0.017 s; sync files=301, longest=0.004 s, average=0.001 s; distance=4238 kB, estimate=4238 kB; lsn=0/190A9A0, redo lsn=0/190A9A0
db-1       | 2026-10-07T05:24:42.884201176Z 2026-10-07 05:24:42.884 UTC [48] LOG:  database system is shut down
db-1       | 2026-10-07T05:24:42.969601051Z  done
db-1       | 2026-10-07T05:24:42.969648676Z server stopped
db-1       | 2026-10-07T05:24:42.970603218Z 
db-1       | 2026-10-07T05:24:42.970619634Z PostgreSQL init process complete; ready for start up.
db-1       | 2026-10-07T05:24:42.970621801Z 
db-1       | 2026-10-07T05:24:42.983421218Z 2026-10-07 05:24:42.983 UTC [1] LOG:  starting PostgreSQL 17.11 (Debian 17.11-1.pgdg12+2) on aarch64-unknown-linux-gnu, compiled by gcc (Debian 12.2.0-14+deb12u1) 12.2.0, 64-bit
db-1       | 2026-10-07T05:24:42.983788968Z 2026-10-07 05:24:42.983 UTC [1] LOG:  listening on IPv4 address "0.0.0.0", port 5432
db-1       | 2026-10-07T05:24:42.983798343Z 2026-10-07 05:24:42.983 UTC [1] LOG:  listening on IPv6 address "::", port 5432
db-1       | 2026-10-07T05:24:42.985263468Z 2026-10-07 05:24:42.985 UTC [1] LOG:  listening on Unix socket "/var/run/postgresql/.s.PGSQL.5432"
db-1       | 2026-10-07T05:24:42.987887843Z 2026-10-07 05:24:42.987 UTC [64] LOG:  database system was shut down at 2026-10-07 05:24:42 UTC
db-1       | 2026-10-07T05:24:42.990232634Z 2026-10-07 05:24:42.990 UTC [1] LOG:  database system is ready to accept connections

=== seed-first (exit 0) ===
Seed complete: 3 users, 3 locations created.

=== seed-second (exit 0) ===
Seed complete: 0 users, 0 locations created.

=== data-before (exit 0) ===
{
  "uid": 10001,
  "postgres_version": "17.11 (Debian 17.11-1.pgdg12+2)",
  "tables": [
    "alembic_version",
    "assignments",
    "attachments",
    "comments",
    "locations",
    "sessions",
    "ticket_events",
    "tickets",
    "users"
  ],
  "revision": "0001",
  "p0_indexes": {
    "ix_tickets_reporter_created_id": "CREATE INDEX ix_tickets_reporter_created_id ON public.tickets USING btree (reporter_id, created_at DESC, id DESC)",
    "ix_tickets_assignee_created_id": "CREATE INDEX ix_tickets_assignee_created_id ON public.tickets USING btree (current_assignee_id, created_at DESC, id DESC)",
    "ix_tickets_status_created_id": "CREATE INDEX ix_tickets_status_created_id ON public.tickets USING btree (status, created_at DESC, id DESC)",
    "ix_tickets_location_created_id": "CREATE INDEX ix_tickets_location_created_id ON public.tickets USING btree (location_id, created_at DESC, id DESC)",
    "ix_ticket_events_ticket_created_id": "CREATE INDEX ix_ticket_events_ticket_created_id ON public.ticket_events USING btree (ticket_id, created_at, id)",
    "ix_comments_ticket_created_id": "CREATE INDEX ix_comments_ticket_created_id ON public.comments USING btree (ticket_id, created_at, id)"
  },
  "counts": {
    "users": 3,
    "locations": 3,
    "tickets": 0
  },
  "accounts": [
    {
      "id": 3,
      "email": "demo-admin@example.invalid",
      "role": "ADMIN",
      "active": true
    },
    {
      "id": 1,
      "email": "demo-reporter@example.invalid",
      "role": "REPORTER",
      "active": true
    },
    {
      "id": 2,
      "email": "demo-technician@example.invalid",
      "role": "TECHNICIAN",
      "active": true
    }
  ],
  "password_verification": true,
  "attachment_marker": "campusfix-docker-verification-20261007",
  "pytest_in_runtime": false
}

=== volume-mounts (exit 0) ===
[{"name": "/campusfix-docker-verify-20261007-r3-api-1", "mounts": [{"Type": "volume", "Name": "campusfix-docker-verify-20261007-r3_attachments", "Source": "/var/lib/docker/volumes/campusfix-docker-verify-20261007-r3_attachments/_data", "Destination": "/data/attachments", "Driver": "local", "Mode": "rw", "RW": true, "Propagation": ""}]}, {"name": "/campusfix-docker-verify-20261007-r3-db-1", "mounts": [{"Type": "volume", "Name": "campusfix-docker-verify-20261007-r3_database", "Source": "/var/lib/docker/volumes/campusfix-docker-verify-20261007-r3_database/_data", "Destination": "/var/lib/postgresql/data", "Driver": "local", "Mode": "rw", "RW": true, "Propagation": ""}]}, {"name": "/campusfix-docker-verify-20261007-r3-migrate-1", "mounts": []}, {"name": "/campusfix-docker-verify-20261007-r3-web-1", "mounts": []}]

=== backend-tests (exit 0) ===
 Container campusfix-docker-verify-20261007-r3-api-run-9bba3f8cb736 Creating 
 Container campusfix-docker-verify-20261007-r3-api-run-9bba3f8cb736 Created 
........................................................................ [ 53%]
...............................................................          [100%]
=============================== warnings summary ===============================
../usr/local/lib/python3.12/site-packages/fastapi/testclient.py:1
  /usr/local/lib/python3.12/site-packages/fastapi/testclient.py:1: StarletteDeprecationWarning: Using `httpx` with `starlette.testclient` is deprecated; install `httpx2` instead.
    from starlette.testclient import TestClient as TestClient  # noqa

-- Docs: https://docs.pytest.org/en/stable/how-to/capture-warnings.html
-------------- generated xml file: /evidence/backend-results.xml ---------------
135 passed, 1 warning in 6.69s

=== down-retain-volumes (exit 0) ===
 Container campusfix-docker-verify-20261007-r3-web-1 Stopping 
 Container campusfix-docker-verify-20261007-r3-web-1 Stopped 
 Container campusfix-docker-verify-20261007-r3-web-1 Removing 
 Container campusfix-docker-verify-20261007-r3-web-1 Removed 
 Container campusfix-docker-verify-20261007-r3-api-1 Stopping 
 Container campusfix-docker-verify-20261007-r3-api-1 Stopped 
 Container campusfix-docker-verify-20261007-r3-api-1 Removing 
 Container campusfix-docker-verify-20261007-r3-api-1 Removed 
 Container campusfix-docker-verify-20261007-r3-migrate-1 Stopping 
 Container campusfix-docker-verify-20261007-r3-migrate-1 Stopped 
 Container campusfix-docker-verify-20261007-r3-migrate-1 Removing 
 Container campusfix-docker-verify-20261007-r3-migrate-1 Removed 
 Container campusfix-docker-verify-20261007-r3-db-1 Stopping 
 Container campusfix-docker-verify-20261007-r3-db-1 Stopped 
 Container campusfix-docker-verify-20261007-r3-db-1 Removing 
 Container campusfix-docker-verify-20261007-r3-db-1 Removed 
 Network campusfix-docker-verify-20261007-r3_default Removing 
 Network campusfix-docker-verify-20261007-r3_default Removed 

=== restart-retained-data (exit 0) ===
 Network campusfix-docker-verify-20261007-r3_default Creating 
 Network campusfix-docker-verify-20261007-r3_default Creating 
 Network campusfix-docker-verify-20261007-r3_default Created 
 Network campusfix-docker-verify-20261007-r3_default Created 
 Container campusfix-docker-verify-20261007-r3-db-1 Creating 
 Container campusfix-docker-verify-20261007-r3-db-1 Created 
 Container campusfix-docker-verify-20261007-r3-migrate-1 Creating 
 Container campusfix-docker-verify-20261007-r3-migrate-1 Created 
 Container campusfix-docker-verify-20261007-r3-api-1 Creating 
 Container campusfix-docker-verify-20261007-r3-api-1 Created 
 Container campusfix-docker-verify-20261007-r3-web-1 Creating 
 Container campusfix-docker-verify-20261007-r3-web-1 Created 
 Container campusfix-docker-verify-20261007-r3-db-1 Starting 
 Container campusfix-docker-verify-20261007-r3-db-1 Started 
 Container campusfix-docker-verify-20261007-r3-db-1 Waiting 
 Container campusfix-docker-verify-20261007-r3-db-1 Healthy 
 Container campusfix-docker-verify-20261007-r3-migrate-1 Starting 
 Container campusfix-docker-verify-20261007-r3-migrate-1 Started 
 Container campusfix-docker-verify-20261007-r3-db-1 Waiting 
 Container campusfix-docker-verify-20261007-r3-migrate-1 Waiting 
 Container campusfix-docker-verify-20261007-r3-migrate-1 Exited 
 Container campusfix-docker-verify-20261007-r3-db-1 Healthy 
 Container campusfix-docker-verify-20261007-r3-api-1 Starting 
 Container campusfix-docker-verify-20261007-r3-api-1 Started 
 Container campusfix-docker-verify-20261007-r3-api-1 Waiting 
 Container campusfix-docker-verify-20261007-r3-api-1 Healthy 
 Container campusfix-docker-verify-20261007-r3-web-1 Starting 
 Container campusfix-docker-verify-20261007-r3-web-1 Started 
 Container campusfix-docker-verify-20261007-r3-web-1 Waiting 
 Container campusfix-docker-verify-20261007-r3-db-1 Waiting 
 Container campusfix-docker-verify-20261007-r3-migrate-1 Waiting 
 Container campusfix-docker-verify-20261007-r3-api-1 Waiting 
 Container campusfix-docker-verify-20261007-r3-migrate-1 Exited 
 Container campusfix-docker-verify-20261007-r3-api-1 Healthy 
 Container campusfix-docker-verify-20261007-r3-db-1 Healthy 
 Container campusfix-docker-verify-20261007-r3-web-1 Healthy 

=== data-after (exit 0) ===
{
  "uid": 10001,
  "postgres_version": "17.11 (Debian 17.11-1.pgdg12+2)",
  "tables": [
    "alembic_version",
    "assignments",
    "attachments",
    "comments",
    "locations",
    "sessions",
    "ticket_events",
    "tickets",
    "users"
  ],
  "revision": "0001",
  "p0_indexes": {
    "ix_tickets_reporter_created_id": "CREATE INDEX ix_tickets_reporter_created_id ON public.tickets USING btree (reporter_id, created_at DESC, id DESC)",
    "ix_tickets_assignee_created_id": "CREATE INDEX ix_tickets_assignee_created_id ON public.tickets USING btree (current_assignee_id, created_at DESC, id DESC)",
    "ix_tickets_status_created_id": "CREATE INDEX ix_tickets_status_created_id ON public.tickets USING btree (status, created_at DESC, id DESC)",
    "ix_tickets_location_created_id": "CREATE INDEX ix_tickets_location_created_id ON public.tickets USING btree (location_id, created_at DESC, id DESC)",
    "ix_ticket_events_ticket_created_id": "CREATE INDEX ix_ticket_events_ticket_created_id ON public.ticket_events USING btree (ticket_id, created_at, id)",
    "ix_comments_ticket_created_id": "CREATE INDEX ix_comments_ticket_created_id ON public.comments USING btree (ticket_id, created_at, id)"
  },
  "counts": {
    "users": 3,
    "locations": 3,
    "tickets": 0
  },
  "accounts": [
    {
      "id": 3,
      "email": "demo-admin@example.invalid",
      "role": "ADMIN",
      "active": true
    },
    {
      "id": 1,
      "email": "demo-reporter@example.invalid",
      "role": "REPORTER",
      "active": true
    },
    {
      "id": 2,
      "email": "demo-technician@example.invalid",
      "role": "TECHNICIAN",
      "active": true
    }
  ],
  "password_verification": true,
  "attachment_marker": "campusfix-docker-verification-20261007",
  "pytest_in_runtime": false
}

=== seed-after-restart (exit 0) ===
Seed complete: 0 users, 0 locations created.

=== http-before (exit 0) ===
{
  "health": {
    "status": 200,
    "body": "{\"status\":\"ok\"}",
    "content_type": "application/json",
    "request_id": "req_S6iZXkwO7GiCZJ36"
  },
  "static": {
    "status": 200,
    "body": "[bootstrap HTML verified]",
    "content_type": "text/html",
    "request_id": null
  },
  "proxy_get": {
    "status": 404,
    "body": "{\"detail\":\"Not Found\"}",
    "content_type": "application/json",
    "request_id": "req_2AhW7YvEoktPKz_g"
  },
  "proxy_post_allowed": {
    "status": 404,
    "body": "{\"detail\":\"Not Found\"}",
    "content_type": "application/json",
    "request_id": "req_iO99t2OPVCbmUxd3"
  },
  "proxy_post_denied": {
    "status": 403,
    "body": "{\"error\":{\"code\":\"ORIGIN_NOT_ALLOWED\",\"message\":\"The request origin is not allowed.\",\"request_id\":\"req_NdiCukuS949ggd6n\",\"field_errors\":[]}}",
    "content_type": "application/json",
    "request_id": "req_NdiCukuS949ggd6n"
  }
}

=== http-after (exit 0) ===
{
  "health": {
    "status": 200,
    "body": "{\"status\":\"ok\"}",
    "content_type": "application/json",
    "request_id": "req_BWcFCGndc9YX10pU"
  },
  "static": {
    "status": 200,
    "body": "[bootstrap HTML verified]",
    "content_type": "text/html",
    "request_id": null
  },
  "proxy_get": {
    "status": 404,
    "body": "{\"detail\":\"Not Found\"}",
    "content_type": "application/json",
    "request_id": "req_3-VP1K6da4CO3KIu"
  },
  "proxy_post_allowed": {
    "status": 404,
    "body": "{\"detail\":\"Not Found\"}",
    "content_type": "application/json",
    "request_id": "req_XRuSgGNMwxDJGeEb"
  },
  "proxy_post_denied": {
    "status": 403,
    "body": "{\"error\":{\"code\":\"ORIGIN_NOT_ALLOWED\",\"message\":\"The request origin is not allowed.\",\"request_id\":\"req_9s5H-lKVoy2degD1\",\"field_errors\":[]}}",
    "content_type": "application/json",
    "request_id": "req_9s5H-lKVoy2degD1"
  }
}

=== api-recreate (exit 0) ===
 Container campusfix-docker-verify-20261007-r3-db-1 Running 
 Container campusfix-docker-verify-20261007-r3-api-1 Recreate 
 Container campusfix-docker-verify-20261007-r3-api-1 Recreated 
 Container campusfix-docker-verify-20261007-r3-db-1 Waiting 
 Container campusfix-docker-verify-20261007-r3-db-1 Healthy 
 Container campusfix-docker-verify-20261007-r3-migrate-1 Starting 
 Container campusfix-docker-verify-20261007-r3-migrate-1 Started 
 Container campusfix-docker-verify-20261007-r3-migrate-1 Waiting 
 Container campusfix-docker-verify-20261007-r3-db-1 Waiting 
 Container campusfix-docker-verify-20261007-r3-db-1 Healthy 
 Container campusfix-docker-verify-20261007-r3-migrate-1 Exited 
 Container campusfix-docker-verify-20261007-r3-api-1 Starting 
 Container campusfix-docker-verify-20261007-r3-api-1 Started 
 Container campusfix-docker-verify-20261007-r3-migrate-1 Waiting 
 Container campusfix-docker-verify-20261007-r3-api-1 Waiting 
 Container campusfix-docker-verify-20261007-r3-db-1 Waiting 
 Container campusfix-docker-verify-20261007-r3-db-1 Healthy 
 Container campusfix-docker-verify-20261007-r3-migrate-1 Exited 
 Container campusfix-docker-verify-20261007-r3-api-1 Healthy 

=== http-after-api-recreate (exit 0) ===
{
  "health": {
    "status": 200,
    "body": "{\"status\":\"ok\"}",
    "content_type": "application/json",
    "request_id": "req_ghXYaUznQy0xcrYy"
  },
  "static": {
    "status": 200,
    "body": "[bootstrap HTML verified]",
    "content_type": "text/html",
    "request_id": null
  },
  "proxy_get": {
    "status": 404,
    "body": "{\"detail\":\"Not Found\"}",
    "content_type": "application/json",
    "request_id": "req_tkwKXNY5kKNIRcca"
  },
  "proxy_post_allowed": {
    "status": 404,
    "body": "{\"detail\":\"Not Found\"}",
    "content_type": "application/json",
    "request_id": "req_f8nRM5WqZKvha6UZ"
  },
  "proxy_post_denied": {
    "status": 403,
    "body": "{\"error\":{\"code\":\"ORIGIN_NOT_ALLOWED\",\"message\":\"The request origin is not allowed.\",\"request_id\":\"req__UpSWdHRSxzkLntY\",\"field_errors\":[]}}",
    "content_type": "application/json",
    "request_id": "req__UpSWdHRSxzkLntY"
  }
}

=== data-after-api-recreate (exit 0) ===
{
  "uid": 10001,
  "postgres_version": "17.11 (Debian 17.11-1.pgdg12+2)",
  "tables": [
    "alembic_version",
    "assignments",
    "attachments",
    "comments",
    "locations",
    "sessions",
    "ticket_events",
    "tickets",
    "users"
  ],
  "revision": "0001",
  "p0_indexes": {
    "ix_tickets_reporter_created_id": "CREATE INDEX ix_tickets_reporter_created_id ON public.tickets USING btree (reporter_id, created_at DESC, id DESC)",
    "ix_tickets_assignee_created_id": "CREATE INDEX ix_tickets_assignee_created_id ON public.tickets USING btree (current_assignee_id, created_at DESC, id DESC)",
    "ix_tickets_status_created_id": "CREATE INDEX ix_tickets_status_created_id ON public.tickets USING btree (status, created_at DESC, id DESC)",
    "ix_tickets_location_created_id": "CREATE INDEX ix_tickets_location_created_id ON public.tickets USING btree (location_id, created_at DESC, id DESC)",
    "ix_ticket_events_ticket_created_id": "CREATE INDEX ix_ticket_events_ticket_created_id ON public.ticket_events USING btree (ticket_id, created_at, id)",
    "ix_comments_ticket_created_id": "CREATE INDEX ix_comments_ticket_created_id ON public.comments USING btree (ticket_id, created_at, id)"
  },
  "counts": {
    "users": 3,
    "locations": 3,
    "tickets": 0
  },
  "accounts": [
    {
      "id": 3,
      "email": "demo-admin@example.invalid",
      "role": "ADMIN",
      "active": true
    },
    {
      "id": 1,
      "email": "demo-reporter@example.invalid",
      "role": "REPORTER",
      "active": true
    },
    {
      "id": 2,
      "email": "demo-technician@example.invalid",
      "role": "TECHNICIAN",
      "active": true
    }
  ],
  "password_verification": true,
  "attachment_marker": "campusfix-docker-verification-20261007",
  "pytest_in_runtime": false
}

=== services-final (exit 0) ===
{"Command":"\"uvicorn app.main:ap…\"","CreatedAt":"2026-10-07 13:25:46 +0800 CST","Engine":"","ExitCode":0,"Health":"healthy","ID":"ab03e7a5435f","Image":"campusfix-api:local","Labels":"com.docker.compose.version=5.6.0,com.docker.compose.image=sha256:32ce8c80749ecc6ee042ce25d7814869b3b0acfa5a2748b57021af9141ca5a27,com.docker.compose.project=campusfix-docker-verify-20261007-r3,com.docker.compose.project.working_dir=/tmp/campusfix-docker-verification/source,com.docker.compose.config-hash=0c9624df53a2a346409e9df64e9166d64f5f1261c93f5154ee22c0fd0db20e1d,com.docker.compose.container-number=1,com.docker.compose.depends_on=db:service_healthy:false,migrate:service_completed_successfully:false,com.docker.compose.oneoff=False,com.docker.compose.project.config_files=/tmp/campusfix-docker-verification/source/docker-compose.yml,com.docker.compose.replace=api-1,com.docker.compose.service=api","LocalVolumes":"1","Mounts":"campusfix-dock…","Name":"campusfix-docker-verify-20261007-r3-api-1","Names":"campusfix-docker-verify-20261007-r3-api-1","Networks":"campusfix-docker-verify-20261007-r3_default","Ports":"8000/tcp","Project":"campusfix-docker-verify-20261007-r3","Publishers":[{"URL":"","TargetPort":8000,"PublishedPort":0,"Protocol":"tcp"}],"RunningFor":"8 seconds ago","Service":"api","Size":"0B","State":"running","Status":"Up 6 seconds (healthy)"}
{"Command":"\"docker-entrypoint.s…\"","CreatedAt":"2026-10-07 13:25:27 +0800 CST","Engine":"","ExitCode":0,"Health":"healthy","ID":"5a8d6f44bac1","Image":"postgres:17.11-bookworm","Labels":"com.docker.compose.config-hash=281082b8c805e97c62b9c468a4df0ea4219e78c0dca2235ccd16ef0f5f1f294a,com.docker.compose.container-number=1,com.docker.compose.oneoff=False,com.docker.compose.project.config_files=/tmp/campusfix-docker-verification/source/docker-compose.yml,com.docker.compose.project.working_dir=/tmp/campusfix-docker-verification/source,com.docker.compose.depends_on=,com.docker.compose.image=sha256:a85953d6f830fd55a12929df3b7a4fa94dc96d652de62d2d714e0867ccb3670d,com.docker.compose.project=campusfix-docker-verify-20261007-r3,com.docker.compose.service=db,com.docker.compose.version=5.6.0","LocalVolumes":"1","Mounts":"campusfix-dock…","Name":"campusfix-docker-verify-20261007-r3-db-1","Names":"campusfix-docker-verify-20261007-r3-db-1","Networks":"campusfix-docker-verify-20261007-r3_default","Ports":"5432/tcp","Project":"campusfix-docker-verify-20261007-r3","Publishers":[{"URL":"","TargetPort":5432,"PublishedPort":0,"Protocol":"tcp"}],"RunningFor":"27 seconds ago","Service":"db","Size":"0B","State":"running","Status":"Up 26 seconds (healthy)"}
{"Command":"\"alembic upgrade head\"","CreatedAt":"2026-10-07 13:25:27 +0800 CST","Engine":"","ExitCode":0,"Health":"","ID":"3e947f1e5f09","Image":"campusfix-api:local","Labels":"com.docker.compose.version=5.6.0,com.docker.compose.config-hash=2136a8d3c0ee8b86d71253f35437938e9c8480297ce34c14d3b612f1ab3ecd88,com.docker.compose.oneoff=False,com.docker.compose.project.config_files=/tmp/campusfix-docker-verification/source/docker-compose.yml,com.docker.compose.project.working_dir=/tmp/campusfix-docker-verification/source,com.docker.compose.service=migrate,com.docker.compose.container-number=1,com.docker.compose.depends_on=db:service_healthy:false,com.docker.compose.image=sha256:32ce8c80749ecc6ee042ce25d7814869b3b0acfa5a2748b57021af9141ca5a27,com.docker.compose.project=campusfix-docker-verify-20261007-r3","LocalVolumes":"0","Mounts":"","Name":"campusfix-docker-verify-20261007-r3-migrate-1","Names":"campusfix-docker-verify-20261007-r3-migrate-1","Networks":"campusfix-docker-verify-20261007-r3_default","Ports":"","Project":"campusfix-docker-verify-20261007-r3","Publishers":[],"RunningFor":"27 seconds ago","Service":"migrate","Size":"0B","State":"exited","Status":"Exited (0) 6 seconds ago"}
{"Command":"\"/docker-entrypoint.…\"","CreatedAt":"2026-10-07 13:25:27 +0800 CST","Engine":"","ExitCode":0,"Health":"healthy","ID":"7b254cc0af92","Image":"campusfix-docker-verify-20261007-r3-web","Labels":"com.docker.compose.config-hash=ccb3829701ed8d0a540fa523f375a31f3e6a525f1feb8f97039165321b6589da,com.docker.compose.depends_on=api:service_healthy:true,com.docker.compose.image=sha256:0df5eaed90818bcef7a8e88b127e3b0883f7cd46e2be6f352dd05d546ec5c199,com.docker.compose.project=campusfix-docker-verify-20261007-r3,com.docker.compose.project.config_files=/tmp/campusfix-docker-verification/source/docker-compose.yml,com.docker.compose.container-number=1,com.docker.compose.oneoff=False,com.docker.compose.project.working_dir=/tmp/campusfix-docker-verification/source,com.docker.compose.service=web,com.docker.compose.version=5.6.0,maintainer=NGINX Docker Maintainers \u003cdocker-maint@nginx.com\u003e","LocalVolumes":"0","Mounts":"","Name":"campusfix-docker-verify-20261007-r3-web-1","Names":"campusfix-docker-verify-20261007-r3-web-1","Networks":"campusfix-docker-verify-20261007-r3_default","Ports":"127.0.0.1:8080-\u003e80/tcp","Project":"campusfix-docker-verify-20261007-r3","Publishers":[{"URL":"127.0.0.1","TargetPort":80,"PublishedPort":8080,"Protocol":"tcp"}],"RunningFor":"27 seconds ago","Service":"web","Size":"0B","State":"running","Status":"Up 14 seconds (healthy)"}

=== published-ports (exit 0) ===
campusfix-docker-verify-20261007-r3-api-1 8000/tcp
campusfix-docker-verify-20261007-r3-web-1 127.0.0.1:8080->80/tcp
campusfix-docker-verify-20261007-r3-db-1 5432/tcp
